2025-02-22T19:52:32.392Z [info]: Token verified for user ID: 3
2025-02-22T19:52:32.400Z [info]: Fetched all employees
2025-02-22T19:52:35.275Z [info]: Token verified for user ID: 3
2025-02-22T19:52:35.300Z [info]: Employees deleted: 4
2025-02-22T19:52:35.321Z [info]: Token verified for user ID: 3
2025-02-22T19:52:35.325Z [info]: Fetched all employees
2025-02-22T19:52:36.820Z [info]: Token verified for user ID: 3
2025-02-22T19:52:36.839Z [info]: Employees deleted: 5
2025-02-22T19:52:36.857Z [info]: Token verified for user ID: 3
2025-02-22T19:52:36.860Z [info]: Fetched all employees
2025-02-22T19:56:30.956Z [info]: User logged in: teste2@gmail.com
2025-02-22T19:56:31.034Z [info]: Token verified for user ID: 3
2025-02-22T19:56:31.037Z [info]: Fetched all employees
2025-02-22T19:59:07.243Z [info]: Token verified for user ID: 3
2025-02-22T19:59:07.245Z [info]: Fetched all employees
2025-02-22T20:02:21.147Z [info]: Token verified for user ID: 3
2025-02-22T20:02:21.150Z [info]: Fetched all employees
2025-02-22T20:04:08.892Z [info]: Token verified for user ID: 3
2025-02-22T20:04:08.896Z [info]: Fetched all employees
2025-02-22T20:13:34.473Z [info]: User logged in: teste2@gmail.com
2025-02-22T20:13:34.568Z [info]: Token verified for user ID: 3
2025-02-22T20:13:34.570Z [info]: Fetched all employees
2025-02-22T23:52:09.499Z [info]: User logged in: teste2@gmail.com
2025-02-22T23:52:09.596Z [info]: Token verified for user ID: 3
2025-02-22T23:52:09.598Z [info]: Fetched all employees
2025-02-22T23:53:18.359Z [info]: Token verified for user ID: 3
2025-02-22T23:53:18.400Z [info]: Employee created: 6
2025-02-22T23:53:18.426Z [info]: Token verified for user ID: 3
2025-02-22T23:53:18.429Z [info]: Fetched all employees
2025-02-22T23:53:20.352Z [info]: Token verified for user ID: 3
2025-02-22T23:53:20.368Z [info]: Employees deleted: 6
2025-02-22T23:53:20.384Z [info]: Token verified for user ID: 3
2025-02-22T23:53:20.386Z [info]: Fetched all employees
2025-02-22T23:53:24.664Z [info]: Token verified for user ID: 3
2025-02-22T23:53:24.678Z [info]: Employee created: 7
2025-02-22T23:53:24.701Z [info]: Token verified for user ID: 3
2025-02-22T23:53:24.703Z [info]: Fetched all employees
2025-02-22T23:55:04.215Z [info]: Token verified for user ID: 3
2025-02-22T23:55:04.218Z [info]: Fetched all employees
2025-02-22T23:55:05.279Z [info]: Token verified for user ID: 3
2025-02-22T23:55:05.282Z [info]: Fetched all employees
2025-02-22T23:55:41.551Z [info]: Token verified for user ID: 3
2025-02-22T23:55:41.553Z [info]: Fetched all employees
2025-02-22T23:57:38.540Z [info]: Token verified for user ID: 3
2025-02-22T23:57:38.542Z [info]: Fetched all employees
2025-02-22T23:57:38.545Z [info]: Token verified for user ID: 3
2025-02-22T23:57:38.548Z [info]: Fetched all employees
2025-02-22T23:57:47.585Z [info]: Token verified for user ID: 3
2025-02-22T23:57:47.587Z [info]: Fetched all employees
2025-02-23T00:00:12.196Z [info]: Token verified for user ID: 3
2025-02-23T00:00:12.198Z [info]: Fetched all employees
2025-02-23T00:00:23.111Z [info]: Token verified for user ID: 3
2025-02-23T00:00:23.116Z [info]: Fetched all employees
2025-02-23T00:02:07.469Z [info]: Token verified for user ID: 3
2025-02-23T00:02:07.472Z [info]: Fetched all employees
2025-02-23T00:02:53.319Z [info]: Token verified for user ID: 3
2025-02-23T00:02:53.322Z [info]: Fetched all employees
2025-02-23T00:02:56.286Z [info]: Token verified for user ID: 3
2025-02-23T00:02:56.291Z [info]: Fetched all employees
2025-02-23T00:03:00.879Z [info]: Token verified for user ID: 3
2025-02-23T00:03:00.881Z [info]: Fetched all employees
2025-02-23T00:03:04.111Z [info]: Token verified for user ID: 3
2025-02-23T00:03:04.113Z [info]: Fetched all employees
2025-02-23T00:03:13.319Z [info]: Token verified for user ID: 3
2025-02-23T00:03:13.321Z [info]: Fetched all employees
2025-02-23T00:03:14.801Z [info]: Token verified for user ID: 3
2025-02-23T00:03:14.802Z [info]: Fetched all employees
2025-02-23T00:03:16.320Z [info]: Token verified for user ID: 3
2025-02-23T00:03:16.321Z [info]: Fetched all employees
2025-02-23T00:03:22.316Z [info]: Token verified for user ID: 3
2025-02-23T00:03:22.337Z [info]: Employee updated: undefined
2025-02-23T00:03:22.357Z [info]: Token verified for user ID: 3
2025-02-23T00:03:22.359Z [info]: Fetched all employees
2025-02-23T00:03:48.523Z [info]: Token verified for user ID: 3
2025-02-23T00:03:48.546Z [info]: Employee updated: undefined
2025-02-23T00:03:48.619Z [info]: Token verified for user ID: 3
2025-02-23T00:03:48.620Z [info]: Fetched all employees
2025-02-23T00:05:53.252Z [info]: Token verified for user ID: 3
2025-02-23T00:05:53.254Z [info]: Fetched all employees
2025-02-23T00:07:14.760Z [info]: Token verified for user ID: 3
2025-02-23T00:07:14.762Z [info]: Fetched all employees
2025-02-23T00:07:25.850Z [info]: Token verified for user ID: 3
2025-02-23T00:07:25.852Z [info]: Fetched all employees
2025-02-23T00:07:56.127Z [info]: Token verified for user ID: 3
2025-02-23T00:07:56.128Z [info]: Fetched all employees
2025-02-23T00:11:07.573Z [info]: Token verified for user ID: 3
2025-02-23T00:11:07.577Z [info]: Fetched all employees
2025-02-23T00:11:46.272Z [info]: Token verified for user ID: 3
2025-02-23T00:11:46.275Z [info]: Fetched all employees
2025-02-23T00:11:54.812Z [info]: Token verified for user ID: 3
2025-02-23T00:11:54.813Z [info]: Fetched all employees
2025-02-23T00:12:36.551Z [info]: Token verified for user ID: 3
2025-02-23T00:12:36.553Z [info]: Fetched all employees
2025-02-23T00:12:48.479Z [info]: Token verified for user ID: 3
2025-02-23T00:12:48.503Z [info]: Employee updated: undefined
2025-02-23T00:12:48.546Z [info]: Token verified for user ID: 3
2025-02-23T00:12:48.550Z [info]: Fetched all employees
2025-02-23T00:12:52.101Z [info]: Token verified for user ID: 3
2025-02-23T00:12:52.102Z [error]: Error deleting employees: Invalid input, expected an array of IDs
2025-02-23T00:12:55.772Z [info]: Token verified for user ID: 3
2025-02-23T00:12:55.773Z [error]: Error deleting employees: Invalid input, expected an array of IDs
2025-02-23T00:13:56.236Z [info]: Token verified for user ID: 3
2025-02-23T00:13:56.239Z [info]: Fetched all employees
2025-02-23T00:14:01.745Z [info]: Token verified for user ID: 3
2025-02-23T00:14:01.746Z [error]: Error deleting employees: Invalid input, expected an array of IDs
2025-02-23T00:14:06.007Z [info]: Token verified for user ID: 3
2025-02-23T00:14:06.009Z [info]: Fetched all employees
2025-02-23T00:14:08.541Z [info]: Token verified for user ID: 3
2025-02-23T00:14:08.542Z [error]: Error deleting employees: Invalid input, expected an array of IDs
2025-02-23T00:14:39.515Z [info]: Token verified for user ID: 3
2025-02-23T00:14:39.518Z [info]: Fetched all employees
2025-02-23T00:14:41.132Z [info]: Token verified for user ID: 3
2025-02-23T00:14:41.134Z [info]: Fetched all employees
2025-02-23T00:14:42.141Z [info]: Token verified for user ID: 3
2025-02-23T00:14:42.143Z [info]: Fetched all employees
2025-02-23T00:14:43.746Z [info]: Token verified for user ID: 3
2025-02-23T00:14:43.748Z [info]: Fetched all employees
2025-02-23T00:16:01.763Z [info]: Token verified for user ID: 3
2025-02-23T00:16:01.767Z [info]: Fetched all employees
2025-02-23T00:16:21.140Z [info]: Token verified for user ID: 3
2025-02-23T00:16:21.142Z [info]: Fetched all employees
2025-02-23T00:16:24.618Z [info]: Token verified for user ID: 3
2025-02-23T00:16:24.635Z [info]: Employees deleted: 7
2025-02-23T00:16:24.651Z [info]: Token verified for user ID: 3
2025-02-23T00:16:24.654Z [info]: Fetched all employees
2025-02-23T01:17:46.884Z [error]: Invalid token: jwt expired
2025-02-23T01:18:07.026Z [info]: User logged in: teste2@gmail.com
2025-02-23T01:18:07.076Z [info]: Token verified for user ID: 3
2025-02-23T01:18:07.079Z [info]: Fetched all employees
2025-02-23T01:18:15.427Z [info]: Token verified for user ID: 3
2025-02-23T01:18:15.429Z [info]: Fetched all employees
2025-02-23T01:18:19.127Z [info]: User logged in: teste2@gmail.com
2025-02-23T01:18:19.156Z [info]: Token verified for user ID: 3
2025-02-23T01:18:19.158Z [info]: Fetched all employees
2025-02-23T01:19:43.736Z [info]: Token verified for user ID: 3
2025-02-23T01:19:43.739Z [info]: Fetched all employees
2025-02-23T01:19:51.648Z [info]: Token verified for user ID: 3
2025-02-23T01:19:51.650Z [info]: Fetched all employees
2025-02-23T01:19:52.880Z [info]: Token verified for user ID: 3
2025-02-23T01:19:52.882Z [info]: Fetched all employees
2025-02-23T01:19:56.189Z [info]: Token verified for user ID: 3
2025-02-23T01:19:56.190Z [info]: Fetched all employees
2025-02-23T01:19:58.520Z [info]: Token verified for user ID: 3
2025-02-23T01:19:58.523Z [info]: Fetched all employees
2025-02-23T01:20:00.848Z [info]: Token verified for user ID: 3
2025-02-23T01:20:00.850Z [info]: Fetched all employees
2025-02-23T01:20:03.162Z [info]: Token verified for user ID: 3
2025-02-23T01:20:03.164Z [info]: Fetched all employees
2025-02-23T01:20:04.549Z [info]: Token verified for user ID: 3
2025-02-23T01:20:04.551Z [info]: Fetched all employees
2025-02-23T01:20:15.996Z [info]: Token verified for user ID: 3
2025-02-23T01:20:15.998Z [info]: Fetched all employees
2025-02-23T01:20:56.224Z [info]: Token verified for user ID: 3
2025-02-23T01:20:56.226Z [info]: Fetched all employees
2025-02-23T01:21:00.318Z [info]: Token verified for user ID: 3
2025-02-23T01:21:00.320Z [info]: Fetched all employees
2025-02-23T01:21:03.592Z [info]: Token verified for user ID: 3
2025-02-23T01:21:03.594Z [info]: Fetched all employees
2025-02-23T01:21:10.810Z [info]: Token verified for user ID: 3
2025-02-23T01:21:10.811Z [info]: Fetched all employees
2025-02-23T01:21:39.545Z [info]: Token verified for user ID: 3
2025-02-23T01:21:39.547Z [info]: Fetched all employees
2025-02-23T01:22:58.859Z [info]: Token verified for user ID: 3
2025-02-23T01:22:58.861Z [info]: Fetched all employees
2025-02-23T01:23:42.243Z [info]: Token verified for user ID: 3
2025-02-23T01:23:42.245Z [info]: Fetched all employees
2025-02-23T01:23:45.532Z [info]: Token verified for user ID: 3
2025-02-23T01:23:45.534Z [info]: Fetched all employees
2025-02-23T01:23:46.851Z [info]: Token verified for user ID: 3
2025-02-23T01:23:46.852Z [info]: Fetched all employees
2025-02-23T01:23:50.082Z [info]: Token verified for user ID: 3
2025-02-23T01:23:50.084Z [info]: Fetched all employees
2025-02-23T01:23:51.314Z [info]: Token verified for user ID: 3
2025-02-23T01:23:51.316Z [info]: Fetched all employees
2025-02-23T01:23:55.562Z [info]: Token verified for user ID: 3
2025-02-23T01:23:55.564Z [info]: Fetched all employees
2025-02-23T01:23:58.840Z [info]: Token verified for user ID: 3
2025-02-23T01:23:58.842Z [info]: Fetched all employees
2025-02-23T01:24:02.059Z [info]: Token verified for user ID: 3
2025-02-23T01:24:02.061Z [info]: Fetched all employees
2025-02-23T01:24:04.489Z [info]: Token verified for user ID: 3
2025-02-23T01:24:04.491Z [info]: Fetched all employees
2025-02-23T01:24:10.083Z [info]: Token verified for user ID: 3
2025-02-23T01:24:10.085Z [info]: Fetched all employees
2025-02-23T01:24:14.299Z [info]: Token verified for user ID: 3
2025-02-23T01:24:14.300Z [info]: Fetched all employees
2025-02-23T01:24:16.909Z [info]: Token verified for user ID: 3
2025-02-23T01:24:16.911Z [info]: Fetched all employees
2025-02-23T01:24:37.732Z [info]: Token verified for user ID: 3
2025-02-23T01:24:37.736Z [info]: Fetched all employees
2025-02-23T01:24:40.899Z [info]: Token verified for user ID: 3
2025-02-23T01:24:40.901Z [info]: Fetched all employees
2025-02-23T01:27:09.454Z [info]: Token verified for user ID: 3
2025-02-23T01:27:09.456Z [info]: Fetched all employees
2025-02-23T01:27:12.739Z [info]: Token verified for user ID: 3
2025-02-23T01:27:12.741Z [info]: Fetched all employees
2025-02-23T01:28:27.222Z [info]: Token verified for user ID: 3
2025-02-23T01:28:27.224Z [info]: Fetched all employees
2025-02-23T01:28:30.422Z [info]: Token verified for user ID: 3
2025-02-23T01:28:30.424Z [info]: Fetched all employees
2025-02-23T01:28:32.781Z [info]: Token verified for user ID: 3
2025-02-23T01:28:32.783Z [info]: Fetched all employees
2025-02-23T01:28:50.030Z [info]: Token verified for user ID: 3
2025-02-23T01:28:50.033Z [info]: Fetched all employees
2025-02-23T01:29:29.358Z [info]: Token verified for user ID: 3
2025-02-23T01:29:29.359Z [info]: Fetched all employees
2025-02-23T01:32:59.867Z [info]: User logged in: teste2@gmail.com
2025-02-23T01:32:59.959Z [info]: Token verified for user ID: 3
2025-02-23T01:32:59.961Z [info]: Fetched all employees
2025-02-23T01:34:28.984Z [info]: Token verified for user ID: 3
2025-02-23T01:34:28.986Z [info]: Fetched all employees
2025-02-23T01:34:50.935Z [info]: Token verified for user ID: 3
2025-02-23T01:34:50.937Z [info]: Fetched all employees
2025-02-23T01:35:14.190Z [info]: Token verified for user ID: 3
2025-02-23T01:35:14.193Z [info]: Fetched all employees
2025-02-23T01:35:17.564Z [info]: Token verified for user ID: 3
2025-02-23T01:35:17.566Z [info]: Fetched all employees
2025-02-23T01:35:19.823Z [info]: Token verified for user ID: 3
2025-02-23T01:35:19.824Z [info]: Fetched all employees
2025-02-23T01:36:19.917Z [info]: User logged in: teste2@gmail.com
2025-02-23T01:36:19.969Z [info]: Token verified for user ID: 3
2025-02-23T01:36:19.970Z [info]: Fetched all employees
2025-02-23T01:37:31.555Z [info]: Token verified for user ID: 3
2025-02-23T01:37:31.558Z [info]: Fetched all employees
2025-02-23T01:38:55.921Z [info]: Token verified for user ID: 3
2025-02-23T01:38:55.924Z [info]: Fetched all employees
2025-02-23T01:39:00.602Z [info]: Token verified for user ID: 3
2025-02-23T01:39:00.603Z [info]: Fetched all employees
2025-02-23T01:39:02.270Z [info]: Token verified for user ID: 3
2025-02-23T01:39:02.271Z [info]: Fetched all employees
2025-02-23T01:39:07.106Z [info]: Token verified for user ID: 3
2025-02-23T01:39:07.108Z [info]: Fetched all employees
2025-02-23T01:39:08.436Z [info]: Token verified for user ID: 3
2025-02-23T01:39:08.437Z [info]: Fetched all employees
2025-02-23T01:39:09.833Z [info]: Token verified for user ID: 3
2025-02-23T01:39:09.835Z [info]: Fetched all employees
2025-02-23T01:39:11.204Z [info]: Token verified for user ID: 3
2025-02-23T01:39:11.206Z [info]: Fetched all employees
2025-02-23T01:39:19.956Z [info]: Token verified for user ID: 3
2025-02-23T01:39:19.957Z [info]: Fetched all employees
2025-02-23T01:39:21.295Z [info]: Token verified for user ID: 3
2025-02-23T01:39:21.297Z [info]: Fetched all employees
2025-02-23T01:39:27.168Z [info]: Token verified for user ID: 3
2025-02-23T01:39:27.169Z [info]: Fetched all employees
2025-02-23T01:39:37.936Z [info]: Token verified for user ID: 3
2025-02-23T01:39:37.939Z [info]: Fetched all employees
2025-02-23T01:39:47.635Z [info]: Token verified for user ID: 3
2025-02-23T01:39:47.637Z [info]: Fetched all employees
2025-02-23T01:47:32.915Z [info]: Token verified for user ID: 3
2025-02-23T01:47:32.917Z [info]: Fetched all employees
2025-02-23T01:49:06.302Z [info]: Token verified for user ID: 3
2025-02-23T01:49:06.305Z [info]: Fetched all employees
2025-02-23T01:49:25.440Z [info]: Token verified for user ID: 3
2025-02-23T01:49:25.443Z [info]: Fetched all employees
2025-02-23T01:50:14.542Z [info]: Token verified for user ID: 3
2025-02-23T01:50:14.545Z [info]: Fetched all employees
2025-02-23T01:50:20.158Z [info]: Token verified for user ID: 3
2025-02-23T01:50:20.160Z [info]: Fetched all employees
2025-02-23T01:50:31.799Z [info]: Token verified for user ID: 3
2025-02-23T01:50:31.801Z [info]: Fetched all employees
2025-02-23T01:50:41.025Z [info]: Token verified for user ID: 3
2025-02-23T01:50:41.027Z [info]: Fetched all employees
2025-02-23T01:50:45.014Z [info]: Token verified for user ID: 3
2025-02-23T01:50:45.016Z [info]: Fetched all employees
2025-02-23T01:52:11.106Z [info]: Token verified for user ID: 3
2025-02-23T01:52:11.144Z [info]: Employee created: 8
2025-02-23T01:52:11.174Z [info]: Token verified for user ID: 3
2025-02-23T01:52:11.176Z [info]: Fetched all employees
2025-02-23T01:53:19.739Z [info]: Token verified for user ID: 3
2025-02-23T01:53:19.742Z [info]: Fetched all employees
2025-02-23T01:53:58.522Z [info]: Token verified for user ID: 3
2025-02-23T01:53:58.541Z [info]: Employee created: 9
2025-02-23T01:53:58.567Z [info]: Token verified for user ID: 3
2025-02-23T01:53:58.568Z [info]: Fetched all employees
2025-02-23T01:55:47.943Z [info]: Token verified for user ID: 3
2025-02-23T01:55:47.945Z [info]: Fetched all employees
2025-02-23T01:55:54.183Z [info]: Token verified for user ID: 3
2025-02-23T01:55:54.185Z [info]: Fetched all employees
2025-02-23T01:55:56.721Z [info]: Token verified for user ID: 3
2025-02-23T01:55:56.724Z [info]: Fetched all employees
2025-02-23T01:58:27.102Z [info]: Token verified for user ID: 3
2025-02-23T01:58:27.105Z [info]: Fetched all employees
2025-02-23T01:58:41.187Z [info]: Token verified for user ID: 3
2025-02-23T01:58:41.191Z [info]: Fetched all employees
2025-02-23T01:58:42.346Z [info]: Token verified for user ID: 3
2025-02-23T01:58:42.348Z [info]: Fetched all employees
2025-02-23T01:59:07.611Z [info]: Token verified for user ID: 3
2025-02-23T01:59:07.615Z [info]: Fetched all employees
2025-02-23T01:59:09.549Z [info]: Token verified for user ID: 3
2025-02-23T01:59:09.551Z [info]: Fetched all employees
2025-02-23T01:59:15.494Z [info]: Token verified for user ID: 3
2025-02-23T01:59:15.497Z [info]: Fetched all employees
2025-02-23T01:59:47.503Z [info]: Token verified for user ID: 3
2025-02-23T01:59:47.524Z [info]: Employee updated: undefined
2025-02-23T01:59:47.551Z [info]: Token verified for user ID: 3
2025-02-23T01:59:47.554Z [info]: Fetched all employees
2025-02-23T02:00:16.393Z [info]: Token verified for user ID: 3
2025-02-23T02:00:16.394Z [info]: Fetched all employees
2025-02-23T02:00:21.744Z [info]: Token verified for user ID: 3
2025-02-23T02:00:21.746Z [info]: Fetched all employees
2025-02-23T02:00:24.749Z [info]: Token verified for user ID: 3
2025-02-23T02:00:24.751Z [info]: Fetched all employees
2025-02-23T02:00:40.058Z [info]: User logged in: teste2@gmail.com
2025-02-23T02:00:40.103Z [info]: Token verified for user ID: 3
2025-02-23T02:00:40.104Z [info]: Fetched all employees
2025-02-23T17:26:34.179Z [error]: Invalid token: jwt expired
2025-02-23T17:26:51.259Z [error]: Invalid token: jwt expired
2025-02-23T17:31:18.868Z [info]: User logged in: teste2@gmail.com
2025-02-23T17:31:18.934Z [info]: Token verified for user ID: 3
2025-02-23T17:31:18.937Z [info]: Fetched all employees
2025-02-23T17:33:06.552Z [info]: Token verified for user ID: 3
2025-02-23T17:33:06.556Z [info]: Fetched all employees
2025-02-23T17:34:33.599Z [info]: User logged in: teste2@gmail.com
2025-02-23T17:34:33.680Z [info]: Token verified for user ID: 3
2025-02-23T17:34:33.684Z [info]: Fetched all employees
2025-02-23T17:40:06.181Z [warn]: Invalid login attempt: teste2@gmail.com
2025-02-23T17:40:06.182Z [error]: Login error: Invalid email or password
2025-02-23T17:48:03.952Z [info]: User logged in: teste2@gmail.com
2025-02-23T17:48:04.272Z [info]: Token verified for user ID: 3
2025-02-23T17:48:04.275Z [info]: Fetched all employees
2025-02-23T17:48:12.763Z [warn]: Invalid login attempt: teste2@gmail.com
2025-02-23T17:48:12.764Z [error]: Login error: Invalid email or password
2025-02-23T17:48:51.027Z [warn]: Invalid login attempt: teste2@gmail.com
2025-02-23T17:48:51.027Z [error]: Login error: Invalid email or password
2025-02-23T17:49:08.548Z [info]: User logged in: teste2@gmail.com
2025-02-23T17:49:08.743Z [info]: Token verified for user ID: 3
2025-02-23T17:49:08.745Z [info]: Fetched all employees
2025-02-23T17:49:24.677Z [warn]: Invalid login attempt: teste2@gmail.com
2025-02-23T17:49:24.678Z [error]: Login error: Invalid email or password
2025-02-23T17:49:59.262Z [warn]: Invalid login attempt: teste2@gmail.com
2025-02-23T17:49:59.262Z [error]: Login error: Invalid email or password
2025-02-23T17:52:41.578Z [warn]: Invalid login attempt: teste2@gmail.com
2025-02-23T17:52:41.579Z [error]: Login error: Invalid email or password
2025-02-23T17:53:08.475Z [warn]: Invalid login attempt: teste2@gmail.com
2025-02-23T17:53:08.476Z [error]: Login error: Invalid email or password
2025-02-23T17:55:44.180Z [warn]: Invalid login attempt: teste2@gmail.com
2025-02-23T17:55:44.180Z [error]: Login error: Invalid email or password
2025-02-23T17:55:47.525Z [info]: User logged in: teste2@gmail.com
2025-02-23T17:55:47.744Z [info]: Token verified for user ID: 3
2025-02-23T17:55:47.746Z [info]: Fetched all employees
2025-02-23T17:58:22.028Z [info]: User logged in: teste2@gmail.com
2025-02-23T17:58:22.106Z [info]: Token verified for user ID: 3
2025-02-23T17:58:22.108Z [info]: Fetched all employees
2025-02-23T18:02:13.078Z [info]: Token verified for user ID: 3
2025-02-23T18:02:13.080Z [info]: Fetched all employees
2025-02-23T18:06:21.945Z [info]: Token verified for user ID: 3
2025-02-23T18:06:21.948Z [info]: Fetched all employees
2025-02-23T18:07:39.843Z [info]: Token verified for user ID: 3
2025-02-23T18:07:39.894Z [info]: Employee created: 10
2025-02-23T18:07:39.941Z [info]: Token verified for user ID: 3
2025-02-23T18:07:39.943Z [info]: Fetched all employees
2025-02-23T18:07:59.075Z [info]: Token verified for user ID: 3
2025-02-23T18:07:59.078Z [error]: Error creating employee: Validation error: 'EX2' is not a valid choice for enum [ 'PP', 'P', 'M', 'G', 'GG', 'XG' ]
2025-02-23T18:08:08.920Z [info]: Token verified for user ID: 3
2025-02-23T18:08:08.930Z [error]: Error creating employee: Validation error
2025-02-23T18:09:22.208Z [info]: Token verified for user ID: 3
2025-02-23T18:09:22.210Z [error]: Error creating employee: Validation error: 'EX4' is not a valid choice for enum [ 'PP', 'P', 'M', 'G', 'GG', 'XG' ]
2025-02-23T18:09:32.821Z [info]: Token verified for user ID: 3
2025-02-23T18:09:32.840Z [error]: Error creating employee: Validation error
2025-02-23T18:11:25.302Z [info]: Token verified for user ID: 3
2025-02-23T18:11:25.323Z [error]: Error creating employee: Validation error
2025-02-23T18:11:31.122Z [info]: Token verified for user ID: 3
2025-02-23T18:11:31.141Z [info]: Employee created: 11
2025-02-23T18:11:31.197Z [info]: Token verified for user ID: 3
2025-02-23T18:11:31.206Z [info]: Fetched all employees
2025-02-23T18:19:49.100Z [info]: Token verified for user ID: 3
2025-02-23T18:19:49.104Z [info]: Fetched all employees
2025-02-23T18:20:00.641Z [info]: Token verified for user ID: 3
2025-02-23T18:20:00.646Z [info]: Fetched all employees
2025-02-23T18:21:36.266Z [warn]: Invalid login attempt: teste2@gmail.com
2025-02-23T18:21:36.267Z [error]: Login error: Invalid email or password
2025-02-23T18:21:45.786Z [info]: User logged in: teste2@gmail.com
2025-02-23T18:21:45.859Z [info]: Token verified for user ID: 3
2025-02-23T18:21:45.862Z [info]: Fetched all employees
2025-02-23T18:22:07.732Z [warn]: Invalid login attempt: teste5@gmail.com
2025-02-23T18:22:07.733Z [error]: Login error: Invalid email or password
2025-02-23T18:22:13.571Z [info]: User registered: teste5@gmail.com
2025-02-23T18:22:17.432Z [info]: User logged in: teste5@gmail.com
2025-02-23T18:22:17.548Z [info]: Token verified for user ID: 4
2025-02-23T18:22:17.550Z [info]: Fetched all employees
